--------------------------------------------------------------------------------
Release 14.7 Trace  (nt64)
Copyright (c) 1995-2013 Xilinx, Inc.  All rights reserved.

C:\Xilinx\14.7\ISE_DS\ISE\bin\nt64\unwrapped\trce.exe -intstyle ise -v 3 -s 3
-n 3 -fastpaths -xml decoder_2to4_behavioral.twx decoder_2to4_behavioral.ncd -o
decoder_2to4_behavioral.twr decoder_2to4_behavioral.pcf

Design file:              decoder_2to4_behavioral.ncd
Physical constraint file: decoder_2to4_behavioral.pcf
Device,package,speed:     xc6slx4,tqg144,C,-3 (PRODUCTION 1.23 2013-10-13)
Report level:             verbose report

Environment Variable      Effect 
--------------------      ------ 
NONE                      No environment variables were set
--------------------------------------------------------------------------------

INFO:Timing:2698 - No timing constraints found, doing default enumeration.
INFO:Timing:3412 - To improve timing, see the Timing Closure User Guide (UG612).
INFO:Timing:2752 - To get complete path coverage, use the unconstrained paths 
   option. All paths that are not constrained will be reported in the 
   unconstrained paths section(s) of the report.
INFO:Timing:3339 - The clock-to-out numbers in this timing report are based on 
   a 50 Ohm transmission line loading model.  For the details of this model, 
   and for more information on accounting for different loading conditions, 
   please see the device datasheet.



Data Sheet report:
-----------------
All values displayed in nanoseconds (ns)

Pad to Pad
---------------+---------------+---------+
Source Pad     |Destination Pad|  Delay  |
---------------+---------------+---------+
in<0>          |out<0>         |    6.354|
in<0>          |out<1>         |    6.686|
in<0>          |out<2>         |    7.385|
in<0>          |out<3>         |    7.486|
in<1>          |out<0>         |    6.163|
in<1>          |out<1>         |    6.495|
in<1>          |out<2>         |    7.164|
in<1>          |out<3>         |    7.265|
---------------+---------------+---------+


Analysis completed Mon Feb 15 11:19:58 2021 
--------------------------------------------------------------------------------

Trace Settings:
-------------------------
Trace Settings 

Peak Memory Usage: 4553 MB



